Libre wave 151-250 workers=4 glossary=514 entries
FAIL siman_151\beur-hagra\part-001.txt 1 א fetch failed
FAIL siman_151\baer-heitev\part-001.txt 1 ב fetch failed
FAIL siman_151\pitchei-teshuva\part-001.txt 2 _ fetch failed
FAIL siman_151\baer-heitev\part-001.txt 1 ה fetch failed
FAIL siman_151\beur-hagra\part-001.txt 1 ו fetch failed
FAIL siman_151\pitchei-teshuva\part-001.txt 3 _ fetch failed
FAIL siman_151\siftei-kohen\part-001.txt 1 ג fetch failed
FAIL siman_151\beur-hagra\part-001.txt 1 ח fetch failed
FAIL siman_151\pitchei-teshuva\part-001.txt 5 _ fetch failed
FAIL siman_151\baer-heitev\part-001.txt 3 _ fetch failed
FAIL siman_151\siftei-kohen\part-001.txt 1 ו fetch failed
FAIL siman_151\turei-zahav\part-001.txt 4 א fetch failed
FAIL siman_151\baer-heitev\part-001.txt 11 _ fetch failed
FAIL siman_151\beur-hagra\part-001.txt 3 ב fetch failed
FAIL siman_151\siftei-kohen\part-001.txt 3 _ fetch failed
FAIL siman_151\yad-ephraim\part-001.txt 1 _ fetch failed
FAIL siman_151\beur-hagra\part-001.txt 4 ג fetch failed
FAIL siman_151\turei-zahav\part-001.txt 12 _ fetch failed
FAIL siman_151\siftei-kohen\part-001.txt 4 ד fetch failed
FAIL siman_151\beur-hagra\part-001.txt 7 א fetch failed
FAIL siman_151\beur-hagra\part-001.txt 7 ב fetch failed
FAIL siman_151\beur-hagra\part-001.txt 10 א fetch failed
FAIL siman_151\beur-hagra\part-001.txt 10 ב fetch failed
FAIL siman_151\beur-hagra\part-001.txt 11 _ fetch failed
siman_151 libre-wave DONE (2 blocks)
FAIL siman_152\siftei-kohen\part-001.txt 2 _ fetch failed
FAIL siman_152\nekudot-hakesef\part-001.txt 1 _ fetch failed
FAIL siman_152\beer-hagolah\part-001.txt 1 א fetch failed
FAIL siman_152\baer-heitev\part-001.txt 1 א fetch failed
FAIL siman_152\turei-zahav\part-001.txt 1 ב fetch failed
FAIL siman_152\beer-hagolah\part-001.txt 1 ה fetch failed
FAIL siman_152\turei-zahav\part-001.txt 1 ג fetch failed
siman_152 libre-wave DONE (0 blocks)
FAIL siman_153\yad-avraham\part-001.txt 1 _ fetch failed
FAIL siman_153\beur-hagra\part-001.txt 1 א fetch failed
FAIL siman_153\beer-hagolah\part-001.txt 3 _ fetch failed
FAIL siman_153\pitchei-teshuva\part-001.txt 1 _ fetch failed
FAIL siman_153\yad-ephraim\part-001.txt 1 _ fetch failed
FAIL siman_153\beur-hagra\part-001.txt 1 ג fetch failed
FAIL siman_153\beur-hagra\part-001.txt 3 ב fetch failed
FAIL siman_153\beur-hagra\part-001.txt 3 ג fetch failed
FAIL siman_153\beur-hagra\part-001.txt 3 ד fetch failed
FAIL siman_153\beur-hagra\part-001.txt 4 ב fetch failed
siman_153 libre-wave DONE (0 blocks)
FAIL siman_154\pitchei-teshuva\part-001.txt 1 _ fetch failed
FAIL siman_154\beur-hagra\part-001.txt 1 ב fetch failed
FAIL siman_154\baer-heitev\part-001.txt 1 ב fetch failed
FAIL siman_154\siftei-kohen\part-001.txt 1 ג fetch failed
FAIL siman_154\beur-hagra\part-001.txt 1 ג fetch failed
FAIL siman_154\pitchei-teshuva\part-001.txt 2 _ fetch failed
FAIL siman_154\baer-heitev\part-001.txt 2 א fetch failed
FAIL siman_154\beur-hagra\part-001.txt 2 א fetch failed
siman_154 libre-wave DONE (0 blocks)
FAIL siman_155\pitchei-teshuva\part-001.txt 1 _ fetch failed
FAIL siman_155\beer-hagolah\part-001.txt 2 _ fetch failed
FAIL siman_155\baer-heitev\part-001.txt 3 ד fetch failed
FAIL siman_155\beur-hagra\part-001.txt 1 א fetch failed
FAIL siman_155\yad-avraham\part-001.txt 1 _ fetch failed
FAIL siman_155\beer-hagolah\part-001.txt 3 _ fetch failed
FAIL siman_155\siftei-kohen\part-001.txt 1 ו fetch failed
FAIL siman_155\beur-hagra\part-001.txt 1 ב fetch failed
FAIL siman_155\siftei-kohen\part-001.txt 2 ב fetch failed
FAIL siman_155\beur-hagra\part-001.txt 1 ז fetch failed
FAIL siman_155\siftei-kohen\part-001.txt 3 ט fetch failed
FAIL siman_155\beur-hagra\part-001.txt 1 ח fetch failed
FAIL siman_155\beur-hagra\part-001.txt 2 א fetch failed
FAIL siman_155\beur-hagra\part-001.txt 2 ב fetch failed
FAIL siman_155\beur-hagra\part-001.txt 2 ד fetch failed
FAIL siman_155\beur-hagra\part-001.txt 3 א fetch failed
FAIL siman_155\beur-hagra\part-001.txt 3 ב fetch failed
FAIL siman_155\beur-hagra\part-001.txt 3 ג fetch failed
FAIL siman_155\beur-hagra\part-001.txt 3 ז fetch failed
FAIL siman_155\beur-hagra\part-001.txt 3 ח fetch failed
FAIL siman_155\beur-hagra\part-001.txt 3 י fetch failed
siman_155 libre-wave DONE (0 blocks)
FAIL siman_156\beur-hagra\part-001.txt 2 ד fetch failed
FAIL siman_156\siftei-kohen\part-001.txt 1 ב fetch failed
FAIL siman_156\beur-hagra\part-001.txt 2 ה fetch failed
FAIL siman_156\beur-hagra\part-001.txt 2 ו fetch failed
siman_156 libre-wave DONE (0 blocks)
FAIL siman_157\beur-hagra\part-001.txt 1 ג fetch failed
FAIL siman_157\beer-hagolah\part-001.txt 1 _ fetch failed
FAIL siman_157\baer-heitev\part-001.txt 1 א fetch failed
FAIL siman_157\pitchei-teshuva\part-001.txt 1 _ fetch failed
FAIL siman_157\baer-heitev\part-001.txt 1 ז fetch failed
FAIL siman_157\beer-hagolah\part-001.txt 3 _ fetch failed
FAIL siman_157\beur-hagra\part-001.txt 1 ד fetch failed
FAIL siman_157\rabbi-akiva-eiger-yd\part-001.txt 1 _ fetch failed
FAIL siman_157\beur-hagra\part-001.txt 1 ה fetch failed
FAIL siman_157\siftei-kohen\part-001.txt 1 א fetch failed
FAIL siman_157\baer-heitev\part-001.txt 1 ט fetch failed
FAIL siman_157\rabbi-akiva-eiger-yd\part-001.txt 2 _ fetch failed
FAIL siman_157\baer-heitev\part-001.txt 1 י fetch failed
FAIL siman_157\siftei-kohen\part-001.txt 1 ב fetch failed
FAIL siman_157\beur-hagra\part-001.txt 1 ז fetch failed
FAIL siman_157\rabbi-akiva-eiger-yd\part-001.txt 3 _ fetch failed
FAIL siman_157\beur-hagra\part-001.txt 1 י fetch failed
FAIL siman_157\siftei-kohen\part-001.txt 1 ז fetch failed
FAIL siman_157\baer-heitev\part-001.txt 2 ג fetch failed
FAIL siman_157\turei-zahav\part-001.txt 1 ג fetch failed
FAIL siman_157\yad-avraham\part-001.txt 1 _ fetch failed
FAIL siman_157\siftei-kohen\part-001.txt 1 ח fetch failed
FAIL siman_157\beur-hagra\part-001.txt 1 נ fetch failed
FAIL siman_157\turei-zahav\part-001.txt 1 ו fetch failed
FAIL siman_157\turei-zahav\part-001.txt 1 ז fetch failed
FAIL siman_157\siftei-kohen\part-001.txt 1 ט fetch failed
FAIL siman_157\beur-hagra\part-001.txt 1 ס fetch failed
FAIL siman_157\siftei-kohen\part-001.txt 1 י fetch failed
FAIL siman_157\turei-zahav\part-001.txt 2 _ fetch failed
FAIL siman_157\beur-hagra\part-001.txt 1 ע fetch failed
FAIL siman_157\turei-zahav\part-001.txt 3 _ fetch failed
FAIL siman_157\siftei-kohen\part-001.txt 1 ל fetch failed
FAIL siman_157\beur-hagra\part-001.txt 1 צ fetch failed
FAIL siman_157\siftei-kohen\part-001.txt 2 א fetch failed
FAIL siman_157\beur-hagra\part-001.txt 2 ב fetch failed
FAIL siman_157\siftei-kohen\part-001.txt 2 ב fetch failed
FAIL siman_157\beur-hagra\part-001.txt 3 א fetch failed
FAIL siman_157\siftei-kohen\part-001.txt 2 ג fetch failed
siman_157 libre-wave DONE (0 blocks)
FAIL siman_158\beur-hagra\part-001.txt 1 ג fetch failed
FAIL siman_158\baer-heitev\part-001.txt 1 _ fetch failed
FAIL siman_158\beer-hagolah\part-001.txt 2 ב fetch failed
FAIL siman_158\nekudot-hakesef\part-001.txt 1 _ fetch failed
FAIL siman_158\pitchei-teshuva\part-001.txt 1 _ fetch failed
FAIL siman_158\baer-heitev\part-001.txt 2 _ fetch failed
FAIL siman_158\beur-hagra\part-001.txt 1 ד fetch failed
FAIL siman_158\rabbi-akiva-eiger-yd\part-001.txt 1 _ fetch failed
FAIL siman_158\turei-zahav\part-001.txt 1 _ fetch failed
FAIL siman_158\beur-hagra\part-001.txt 1 ה fetch failed
FAIL siman_158\beur-hagra\part-001.txt 2 ד fetch failed
siman_158 libre-wave DONE (2 blocks)
FAIL siman_159\beur-hagra\part-001.txt 1 א fetch failed
FAIL siman_159\pitchei-teshuva\part-001.txt 3 _ fetch failed
FAIL siman_159\rabbi-akiva-eiger-yd\part-001.txt 1 _ fetch failed
FAIL siman_159\beur-hagra\part-001.txt 2 א fetch failed
FAIL siman_159\turei-zahav\part-001.txt 1 _ fetch failed
FAIL siman_159\yad-avraham\part-001.txt 1 _ fetch failed
FAIL siman_159\siftei-kohen\part-001.txt 3 ב fetch failed
FAIL siman_159\beur-hagra\part-001.txt 2 ב fetch failed
FAIL siman_159\turei-zahav\part-001.txt 2 _ fetch failed
FAIL siman_159\yad-ephraim\part-001.txt 1 _ fetch failed
FAIL siman_159\turei-zahav\part-001.txt 3 _ fetch failed
siman_159 libre-wave DONE (6 blocks)
FAIL siman_160\beur-hagra\part-001.txt 2 ב fetch failed
FAIL siman_160\nekudot-hakesef\part-001.txt 1 _ fetch failed
FAIL siman_160\beer-hagolah\part-001.txt 6 _ fetch failed
FAIL siman_160\baer-heitev\part-001.txt 6 א fetch failed
FAIL siman_160\nekudot-hakesef\part-001.txt 2 _ fetch failed
FAIL siman_160\beur-hagra\part-001.txt 4 _ fetch failed
FAIL siman_160\beur-hagra\part-001.txt 5 ב fetch failed
FAIL siman_160\baer-heitev\part-001.txt 13 ג fetch failed
FAIL siman_160\nekudot-hakesef\part-001.txt 3 _ fetch failed
FAIL siman_160\beer-hagolah\part-001.txt 15 _ fetch failed
FAIL siman_160\beur-hagra\part-001.txt 5 ד fetch failed
FAIL siman_160\baer-heitev\part-001.txt 16 ב fetch failed
FAIL siman_160\nekudot-hakesef\part-001.txt 5 _ fetch failed
FAIL siman_160\beer-hagolah\part-001.txt 18 _ fetch failed
FAIL siman_160\beur-hagra\part-001.txt 6 א fetch failed
FAIL siman_160\baer-heitev\part-001.txt 18 ג fetch failed
FAIL siman_160\pitchei-teshuva\part-001.txt 1 _ fetch failed
FAIL siman_160\rabbi-akiva-eiger-yd\part-001.txt 1 _ fetch failed
FAIL siman_160\beur-hagra\part-001.txt 12 א fetch failed
FAIL siman_160\baer-heitev\part-001.txt 20 א fetch failed
FAIL siman_160\pitchei-teshuva\part-001.txt 2 _ fetch failed
FAIL siman_160\rabbi-akiva-eiger-yd\part-001.txt 2 _ fetch failed
FAIL siman_160\beur-hagra\part-001.txt 13 א fetch failed
FAIL siman_160\baer-heitev\part-001.txt 20 ב fetch failed
FAIL siman_160\pitchei-teshuva\part-001.txt 5 _ fetch failed
FAIL siman_160\rabbi-akiva-eiger-yd\part-001.txt 3 _ fetch failed
FAIL siman_160\beur-hagra\part-001.txt 13 ב fetch failed
FAIL siman_160\baer-heitev\part-001.txt 22 _ fetch failed
FAIL siman_160\pitchei-teshuva\part-001.txt 6 _ fetch failed
FAIL siman_160\rabbi-akiva-eiger-yd\part-001.txt 5 _ fetch failed
FAIL siman_160\beur-hagra\part-001.txt 14 א fetch failed
FAIL siman_160\baer-heitev\part-001.txt 23 _ fetch failed
FAIL siman_160\pitchei-teshuva\part-001.txt 7 _ fetch failed
FAIL siman_160\rabbi-akiva-eiger-yd\part-001.txt 7 _ fetch failed
FAIL siman_160\beur-hagra\part-001.txt 14 ב fetch failed
FAIL siman_160\siftei-kohen\part-001.txt 4 א fetch failed
FAIL siman_160\pitchei-teshuva\part-001.txt 8 _ fetch failed
FAIL siman_160\rabbi-akiva-eiger-yd\part-001.txt 9 _ fetch failed
FAIL siman_160\beur-hagra\part-001.txt 14 ה fetch failed
FAIL siman_160\siftei-kohen\part-001.txt 6 ג fetch failed
FAIL siman_160\pitchei-teshuva\part-001.txt 9 _ fetch failed
FAIL siman_160\rabbi-akiva-eiger-yd\part-001.txt 10 _ fetch failed
FAIL siman_160\beur-hagra\part-001.txt 16 א fetch failed
FAIL siman_160\siftei-kohen\part-001.txt 8 _ fetch failed
FAIL siman_160\pitchei-teshuva\part-001.txt 10 _ fetch failed
FAIL siman_160\rabbi-akiva-eiger-yd\part-001.txt 11 _ fetch failed
FAIL siman_160\beur-hagra\part-001.txt 16 ב fetch failed
FAIL siman_160\siftei-kohen\part-001.txt 16 ב fetch failed
FAIL siman_160\pitchei-teshuva\part-001.txt 11 _ fetch failed
FAIL siman_160\rabbi-akiva-eiger-yd\part-001.txt 18 _ fetch failed
FAIL siman_160\beur-hagra\part-001.txt 16 ג fetch failed
FAIL siman_160\siftei-kohen\part-001.txt 17 א fetch failed
FAIL siman_160\pitchei-teshuva\part-001.txt 14 _ fetch failed
FAIL siman_160\turei-zahav\part-001.txt 6 _ fetch failed
FAIL siman_160\beur-hagra\part-001.txt 16 ד fetch failed
FAIL siman_160\siftei-kohen\part-001.txt 18 ה fetch failed
FAIL siman_160\pitchei-teshuva\part-001.txt 15 _ fetch failed
FAIL siman_160\turei-zahav\part-001.txt 8 _ fetch failed
FAIL siman_160\beur-hagra\part-001.txt 16 ו fetch failed
FAIL siman_160\siftei-kohen\part-001.txt 20 א fetch failed
FAIL siman_160\pitchei-teshuva\part-001.txt 16 _ fetch failed
FAIL siman_160\turei-zahav\part-001.txt 12 _ fetch failed
FAIL siman_160\beur-hagra\part-001.txt 17 א fetch failed
FAIL siman_160\siftei-kohen\part-001.txt 20 ב fetch failed
FAIL siman_160\pitchei-teshuva\part-001.txt 18 _ fetch failed
FAIL siman_160\turei-zahav\part-001.txt 15 _ fetch failed
FAIL siman_160\beur-hagra\part-001.txt 17 ב fetch failed
FAIL siman_160\siftei-kohen\part-001.txt 23 _ fetch failed
FAIL siman_160\pitchei-teshuva\part-001.txt 19 _ fetch failed
FAIL siman_160\turei-zahav\part-001.txt 16 ג fetch failed
FAIL siman_160\beur-hagra\part-001.txt 18 א fetch failed
FAIL siman_160\yad-avraham\part-001.txt 1 _ fetch failed
FAIL siman_160\pitchei-teshuva\part-001.txt 20 _ fetch failed
FAIL siman_160\turei-zahav\part-001.txt 17 א fetch failed
FAIL siman_160\beur-hagra\part-001.txt 18 ב fetch failed
FAIL siman_160\yad-avraham\part-001.txt 2 _ fetch failed
FAIL siman_160\pitchei-teshuva\part-001.txt 21 _ fetch failed
FAIL siman_160\turei-zahav\part-001.txt 17 ב fetch failed
FAIL siman_160\beur-hagra\part-001.txt 18 ג fetch failed
FAIL siman_160\yad-avraham\part-001.txt 3 _ fetch failed
FAIL siman_160\yad-ephraim\part-001.txt 1 _ fetch failed
FAIL siman_160\turei-zahav\part-001.txt 18 ג fetch failed
FAIL siman_160\beur-hagra\part-001.txt 18 ד fetch failed
FAIL siman_160\yad-avraham\part-001.txt 4 _ fetch failed
FAIL siman_160\yad-ephraim\part-001.txt 2 _ fetch failed
FAIL siman_160\turei-zahav\part-001.txt 22 _ fetch failed
FAIL siman_160\beur-hagra\part-001.txt 18 ה fetch failed
FAIL siman_160\yad-avraham\part-001.txt 5 _ fetch failed
FAIL siman_160\turei-zahav\part-001.txt 23 _ fetch failed
FAIL siman_160\beur-hagra\part-001.txt 18 ו fetch failed
FAIL siman_160\yad-avraham\part-001.txt 7 _ fetch failed
FAIL siman_160\beur-hagra\part-001.txt 20 א fetch failed
FAIL siman_160\yad-avraham\part-001.txt 9 _ fetch failed
FAIL siman_160\beur-hagra\part-001.txt 21 ב fetch failed
siman_160 libre-wave DONE (9 blocks)
FAIL siman_161\nekudot-hakesef\part-001.txt 1 _ fetch failed
FAIL siman_161\beur-hagra\part-001.txt 2 א fetch failed
FAIL siman_161\rabbi-akiva-eiger-yd\part-001.txt 1 _ fetch failed
FAIL siman_161\baer-heitev\part-001.txt 10 _ fetch failed
FAIL siman_161\pitchei-teshuva\part-001.txt 5 _ fetch failed
FAIL siman_161\rabbi-akiva-eiger-yd\part-001.txt 3 _ fetch failed
FAIL siman_161\baer-heitev\part-001.txt 11 א fetch failed
FAIL siman_161\beur-hagra\part-001.txt 3 _ fetch failed
FAIL siman_161\beur-hagra\part-001.txt 4 _ fetch failed
FAIL siman_161\pitchei-teshuva\part-001.txt 6 _ fetch failed
FAIL siman_161\pitchei-teshuva\part-001.txt 9 _ fetch failed
FAIL siman_161\turei-zahav\part-001.txt 1 א fetch failed
FAIL siman_161\beur-hagra\part-001.txt 5 ב fetch failed
FAIL siman_161\siftei-kohen\part-001.txt 11 ד fetch failed
FAIL siman_161\turei-zahav\part-001.txt 5 _ fetch failed
FAIL siman_161\yad-avraham\part-001.txt 1 _ fetch failed
FAIL siman_161\yad-ephraim\part-001.txt 1 _ fetch failed
FAIL siman_161\yad-ephraim\part-001.txt 2 _ fetch failed
FAIL siman_161\yad-avraham\part-001.txt 4 _ fetch failed
FAIL siman_161\yad-ephraim\part-001.txt 3 _ fetch failed
siman_161 libre-wave DONE (32 blocks)
FAIL siman_162\baer-heitev\part-001.txt 2 א fetch failed
FAIL siman_162\nekudot-hakesef\part-001.txt 3 _ fetch failed
FAIL siman_162\beur-hagra\part-001.txt 1 ה fetch failed
FAIL siman_162\nekudot-hakesef\part-001.txt 4 _ fetch failed
FAIL siman_162\baer-heitev\part-001.txt 3 א fetch failed
FAIL siman_162\beur-hagra\part-001.txt 2 ג fetch failed
FAIL siman_162\pitchei-teshuva\part-001.txt 4 _ fetch failed
FAIL siman_162\baer-heitev\part-001.txt 4 _ fetch failed
FAIL siman_162\rabbi-akiva-eiger-yd\part-001.txt 1 _ fetch failed
FAIL siman_162\beur-hagra\part-001.txt 2 ו fetch failed
FAIL siman_162\siftei-kohen\part-001.txt 2 ד fetch failed
FAIL siman_162\rabbi-akiva-eiger-yd\part-001.txt 2 _ fetch failed
FAIL siman_162\siftei-kohen\part-001.txt 3 א fetch failed
FAIL siman_162\rabbi-akiva-eiger-yd\part-001.txt 3 _ fetch failed
FAIL siman_162\beur-hagra\part-001.txt 3 ב fetch failed
FAIL siman_162\baer-heitev\part-001.txt 5 ב fetch failed
FAIL siman_162\rabbi-akiva-eiger-yd\part-001.txt 4 _ fetch failed
FAIL siman_162\baer-heitev\part-001.txt 5 ג fetch failed
FAIL siman_162\turei-zahav\part-001.txt 1 א fetch failed
FAIL siman_162\yad-avraham\part-001.txt 1 _ fetch failed
FAIL siman_162\turei-zahav\part-001.txt 2 א fetch failed
FAIL siman_162\yad-avraham\part-001.txt 3 _ fetch failed
FAIL siman_162\turei-zahav\part-001.txt 2 ב fetch failed
FAIL siman_162\turei-zahav\part-001.txt 3 _ fetch failed
siman_162 libre-wave DONE (17 blocks)
FAIL siman_163\baer-heitev\part-001.txt 3 א fetch failed
FAIL siman_163\baer-heitev\part-001.txt 3 ג fetch failed
FAIL siman_163\beer-hagolah\part-001.txt 3 ב fetch failed
FAIL siman_163\beur-hagra\part-001.txt 1 ד fetch failed
FAIL siman_163\turei-zahav\part-001.txt 1 ד fetch failed
FAIL siman_163\yad-avraham\part-001.txt 1 _ fetch failed
FAIL siman_163\beur-hagra\part-001.txt 1 ה fetch failed
FAIL siman_163\turei-zahav\part-001.txt 2 _ fetch failed
FAIL siman_163\yad-avraham\part-001.txt 2 _ fetch failed
FAIL siman_163\turei-zahav\part-001.txt 3 א fetch failed
FAIL siman_163\yad-avraham\part-001.txt 3 _ fetch failed
FAIL siman_163\beur-hagra\part-001.txt 3 ב fetch failed
siman_163 libre-wave DONE (8 blocks)
FAIL siman_164\beur-hagra\part-001.txt 1 א fetch failed
FAIL siman_164\siftei-kohen\part-001.txt 1 ב fetch failed
FAIL siman_164\turei-zahav\part-001.txt 1 ב fetch failed
FAIL siman_164\beur-hagra\part-001.txt 4 ב fetch failed
FAIL siman_164\turei-zahav\part-001.txt 2 _ fetch failed
FAIL siman_164\beer-hagolah\part-001.txt 3 _ fetch failed
FAIL siman_164\yad-avraham\part-001.txt 2 _ fetch failed
FAIL siman_164\yad-avraham\part-001.txt 3 _ fetch failed
siman_164 libre-wave DONE (7 blocks)
FAIL siman_165\beer-hagolah\part-001.txt 1 ג fetch failed
FAIL siman_165\baer-heitev\part-001.txt 1 ח fetch failed
FAIL siman_165\turei-zahav\part-001.txt 1 א fetch failed
siman_165 libre-wave DONE (9 blocks)
FAIL siman_166\rabbi-akiva-eiger-yd\part-001.txt 1 _ fetch failed
FAIL siman_166\yad-avraham\part-001.txt 1 _ fetch failed
siman_166 libre-wave DONE (21 blocks)
FAIL siman_167\beur-hagra\part-001.txt 1 א fetch failed
FAIL siman_167\nekudot-hakesef\part-001.txt 1 _ fetch failed
FAIL siman_167\turei-zahav\part-001.txt 1 _ fetch failed
siman_167 libre-wave DONE (5 blocks)
FAIL siman_168\baer-heitev\part-001.txt 1 ג fetch failed
FAIL siman_168\mechaber\part-001.txt 9 main fetch failed
FAIL siman_168\beur-hagra\part-001.txt 5 א fetch failed
FAIL siman_168\baer-heitev\part-001.txt 11 ב fetch failed
FAIL siman_168\mechaber\part-001.txt 13 main fetch failed
FAIL siman_168\nekudot-hakesef\part-001.txt 6 _ fetch failed
FAIL siman_168\beur-hagra\part-001.txt 5 ב fetch failed
FAIL siman_168\mechaber\part-001.txt 14 main fetch failed
FAIL siman_168\nekudot-hakesef\part-001.txt 10 _ fetch failed
FAIL siman_168\baer-heitev\part-001.txt 13 ב fetch failed
FAIL siman_168\mechaber\part-001.txt 19 main fetch failed
FAIL siman_168\beur-hagra\part-001.txt 9 א fetch failed
FAIL siman_168\pitchei-teshuva\part-001.txt 1 _ fetch failed
FAIL siman_168\baer-heitev\part-001.txt 14 ב fetch failed
FAIL siman_168\rabbi-akiva-eiger-yd\part-001.txt 1 _ fetch failed
FAIL siman_168\beur-hagra\part-001.txt 9 ב fetch failed
FAIL siman_168\pitchei-teshuva\part-001.txt 5 _ fetch failed
FAIL siman_168\baer-heitev\part-001.txt 14 ג fetch failed
FAIL siman_168\rabbi-akiva-eiger-yd\part-001.txt 2 _ fetch failed
FAIL siman_168\beur-hagra\part-001.txt 9 ד fetch failed
FAIL siman_168\pitchei-teshuva\part-001.txt 6 _ fetch failed
FAIL siman_168\baer-heitev\part-001.txt 18 ד fetch failed
FAIL siman_168\rabbi-akiva-eiger-yd\part-001.txt 5 _ fetch failed
FAIL siman_168\beur-hagra\part-001.txt 10 א fetch failed
FAIL siman_168\siftei-kohen\part-001.txt 3 א fetch failed
FAIL siman_168\baer-heitev\part-001.txt 19 _ fetch failed
FAIL siman_168\rabbi-akiva-eiger-yd\part-001.txt 8 _ fetch failed
FAIL siman_168\beur-hagra\part-001.txt 11 ו fetch failed
FAIL siman_168\siftei-kohen\part-001.txt 5 א fetch failed
FAIL siman_168\baer-heitev\part-001.txt 25 ב fetch failed
