Retranslate simanim 202-300 codes=[mt_garbage] dry=false
OK siman_202\baer-heitev\part-001.txt seif 6 marker _
OK siman_202\beer-hagolah\part-001.txt seif 2 marker _
OK siman_202\beer-hagolah\part-001.txt seif 3 marker _
OK siman_202\beer-hagolah\part-001.txt seif 6 marker א
OK siman_202\beer-hagolah\part-001.txt seif 9 marker _
OK siman_202\beur-hagra\part-001.txt seif 1 marker _
OK siman_202\beur-hagra\part-001.txt seif 2 marker א
OK siman_202\beur-hagra\part-001.txt seif 2 marker ב
OK siman_202\beur-hagra\part-001.txt seif 4 marker _
OK siman_202\beur-hagra\part-001.txt seif 6 marker א
OK siman_202\siftei-kohen\part-001.txt seif 6 marker ד
OK siman_202\siftei-kohen\part-001.txt seif 8 marker _
OK siman_202\turei-zahav\part-001.txt seif 3 marker _
OK siman_203\baer-heitev\part-001.txt seif 1 marker _
OK siman_203\beer-hagolah\part-001.txt seif 5 marker _
OK siman_203\beer-hagolah\part-001.txt seif 6 marker _
OK siman_203\beer-hagolah\part-001.txt seif 7 marker _
OK siman_203\beur-hagra\part-001.txt seif 3 marker ב
OK siman_203\beur-hagra\part-001.txt seif 4 marker א
OK siman_203\beur-hagra\part-001.txt seif 4 marker ב
OK siman_203\pitchei-teshuva\part-001.txt seif 1 marker _
OK siman_203\pitchei-teshuva\part-001.txt seif 2 marker _
OK siman_203\rabbi-akiva-eiger-yd\part-001.txt seif 1 marker _
OK siman_203\turei-zahav\part-001.txt seif 1 marker _
OK siman_203\turei-zahav\part-001.txt seif 4 marker _
OK siman_204\baer-heitev\part-001.txt seif 4 marker _
OK siman_204\beer-hagolah\part-001.txt seif 1 marker _
OK siman_204\beer-hagolah\part-001.txt seif 4 marker _
OK siman_204\pitchei-teshuva\part-001.txt seif 1 marker _
OK siman_204\rabbi-akiva-eiger-yd\part-001.txt seif 3 marker _
OK siman_204\siftei-kohen\part-001.txt seif 2 marker ב
OK siman_204\siftei-kohen\part-001.txt seif 4 marker _
OK siman_204\turei-zahav\part-001.txt seif 1 marker _
OK siman_204\turei-zahav\part-001.txt seif 2 marker ד
OK siman_205\baer-heitev\part-001.txt seif 1 marker ב
OK siman_205\baer-heitev\part-001.txt seif 1 marker ג
OK siman_205\baer-heitev\part-001.txt seif 2 marker א
OK siman_205\baer-heitev\part-001.txt seif 2 marker ב
OK siman_205\beur-hagra\part-001.txt seif 1 marker ד
OK siman_205\pitchei-teshuva\part-001.txt seif 1 marker _
OK siman_205\siftei-kohen\part-001.txt seif 1 marker א
OK siman_205\siftei-kohen\part-001.txt seif 1 marker ד
OK siman_205\siftei-kohen\part-001.txt seif 2 marker ב
OK siman_205\siftei-kohen\part-001.txt seif 2 marker ד
OK siman_205\turei-zahav\part-001.txt seif 2 marker ב
OK siman_206\baer-heitev\part-001.txt seif 1 marker ב
OK siman_206\baer-heitev\part-001.txt seif 3 marker א
OK siman_206\beer-hagolah\part-001.txt seif 2 marker _
OK siman_206\beer-hagolah\part-001.txt seif 5 marker _
OK siman_206\beur-hagra\part-001.txt seif 1 marker ד
OK siman_206\beur-hagra\part-001.txt seif 1 marker ה
OK siman_206\beur-hagra\part-001.txt seif 3 marker א
OK siman_206\beur-hagra\part-001.txt seif 4 marker א
OK siman_206\beur-hagra\part-001.txt seif 4 marker ה
OK siman_206\beur-hagra\part-001.txt seif 4 marker ו
OK siman_206\beur-hagra\part-001.txt seif 4 marker ז
OK siman_206\beur-hagra\part-001.txt seif 5 marker א
OK siman_206\beur-hagra\part-001.txt seif 5 marker ב
OK siman_206\beur-hagra\part-001.txt seif 5 marker ג
OK siman_206\beur-hagra\part-001.txt seif 5 marker ד
OK siman_206\beur-hagra\part-001.txt seif 5 marker ה
OK siman_206\rabbi-akiva-eiger-yd\part-001.txt seif 3 marker _
OK siman_206\rabbi-akiva-eiger-yd\part-001.txt seif 5 marker _
OK siman_206\siftei-kohen\part-001.txt seif 1 marker ג
OK siman_206\siftei-kohen\part-001.txt seif 3 marker א
OK siman_206\siftei-kohen\part-001.txt seif 3 marker ב
OK siman_206\siftei-kohen\part-001.txt seif 5 marker א
OK siman_206\siftei-kohen\part-001.txt seif 5 marker ב
OK siman_206\turei-zahav\part-001.txt seif 5 marker ב
OK siman_207\beer-hagolah\part-001.txt seif 1 marker ב
OK siman_207\beur-hagra\part-001.txt seif 1 marker ב
OK siman_208\baer-heitev\part-001.txt seif 1 marker ג
OK siman_208\baer-heitev\part-001.txt seif 2 marker א
OK siman_208\baer-heitev\part-001.txt seif 4 marker _
OK siman_208\baer-heitev\part-001.txt seif 5 marker _
OK siman_208\beur-hagra\part-001.txt seif 1 marker א
OK siman_208\beur-hagra\part-001.txt seif 1 marker ב
OK siman_208\beur-hagra\part-001.txt seif 2 marker _
OK siman_208\beur-hagra\part-001.txt seif 3 marker _
OK siman_208\pitchei-teshuva\part-001.txt seif 1 marker _
OK siman_208\pitchei-teshuva\part-001.txt seif 2 marker _
OK siman_208\pitchei-teshuva\part-001.txt seif 3 marker _
OK siman_208\pitchei-teshuva\part-001.txt seif 4 marker _
OK siman_208\rabbi-akiva-eiger-yd\part-001.txt seif 2 marker _
OK siman_208\rabbi-akiva-eiger-yd\part-001.txt seif 3 marker _
OK siman_208\siftei-kohen\part-001.txt seif 1 marker ב
OK siman_208\siftei-kohen\part-001.txt seif 1 marker ה
OK siman_208\siftei-kohen\part-001.txt seif 3 marker _
OK siman_208\siftei-kohen\part-001.txt seif 4 marker _
OK siman_208\turei-zahav\part-001.txt seif 2 marker א
OK siman_208\turei-zahav\part-001.txt seif 2 marker ב
OK siman_208\yad-avraham\part-001.txt seif 1 marker _
OK siman_208\yad-avraham\part-001.txt seif 2 marker _
OK siman_209\baer-heitev\part-001.txt seif 1 marker _
OK siman_209\beur-hagra\part-001.txt seif 1 marker ב
OK siman_209\beur-hagra\part-001.txt seif 1 marker ג
OK siman_209\pitchei-teshuva\part-001.txt seif 1 marker _
OK siman_209\turei-zahav\part-001.txt seif 1 marker _
OK siman_210\baer-heitev\part-001.txt seif 2 marker _
OK siman_210\beur-hagra\part-001.txt seif 1 marker א
OK siman_210\beur-hagra\part-001.txt seif 1 marker ג
OK siman_210\beur-hagra\part-001.txt seif 2 marker ב
OK siman_210\beur-hagra\part-001.txt seif 3 marker א
OK siman_210\beur-hagra\part-001.txt seif 3 marker ב
OK siman_210\pitchei-teshuva\part-001.txt seif 1 marker _
OK siman_210\pitchei-teshuva\part-001.txt seif 2 marker _
OK siman_210\rabbi-akiva-eiger-yd\part-001.txt seif 2 marker _
OK siman_210\siftei-kohen\part-001.txt seif 3 marker ב
OK siman_210\turei-zahav\part-001.txt seif 1 marker ג
OK siman_210\turei-zahav\part-001.txt seif 2 marker _
OK siman_210\yad-avraham\part-001.txt seif 1 marker _
OK siman_211\baer-heitev\part-001.txt seif 1 marker _
OK siman_211\baer-heitev\part-001.txt seif 2 marker _
OK siman_211\baer-heitev\part-001.txt seif 3 marker _
OK siman_211\beer-hagolah\part-001.txt seif 1 marker א
OK siman_211\beer-hagolah\part-001.txt seif 1 marker ב
OK siman_211\beer-hagolah\part-001.txt seif 1 marker ג
OK siman_211\beer-hagolah\part-001.txt seif 2 marker ג
OK siman_211\beer-hagolah\part-001.txt seif 3 marker _
OK siman_211\beer-hagolah\part-001.txt seif 4 marker _
OK siman_211\beur-hagra\part-001.txt seif 3 marker _
OK siman_211\nekudot-hakesef\part-001.txt seif 2 marker _
OK siman_211\nekudot-hakesef\part-001.txt seif 3 marker _
OK siman_211\rabbi-akiva-eiger-yd\part-001.txt seif 1 marker _
OK siman_211\rabbi-akiva-eiger-yd\part-001.txt seif 2 marker _
OK siman_211\siftei-kohen\part-001.txt seif 1 marker א
OK siman_211\siftei-kohen\part-001.txt seif 1 marker ב
OK siman_211\siftei-kohen\part-001.txt seif 2 marker _
OK siman_211\turei-zahav\part-001.txt seif 3 marker _
OK siman_212\baer-heitev\part-001.txt seif 1 marker ב
OK siman_212\baer-heitev\part-001.txt seif 1 marker ג
OK siman_212\beur-hagra\part-001.txt seif 1 marker ג
OK siman_212\siftei-kohen\part-001.txt seif 1 marker ג
OK siman_213\baer-heitev\part-001.txt seif 1 marker א
OK siman_213\beer-hagolah\part-001.txt seif 1 marker ב
OK siman_213\beer-hagolah\part-001.txt seif 1 marker ח
OK siman_213\beer-hagolah\part-001.txt seif 2 marker _
OK siman_213\beer-hagolah\part-001.txt seif 3 marker א
OK siman_213\beer-hagolah\part-001.txt seif 3 marker ב
OK siman_213\beur-hagra\part-001.txt seif 1 marker ג
OK siman_213\beur-hagra\part-001.txt seif 1 marker ד
OK siman_213\beur-hagra\part-001.txt seif 2 marker _
OK siman_213\pitchei-teshuva\part-001.txt seif 1 marker _
OK siman_213\rabbi-akiva-eiger-yd\part-001.txt seif 1 marker _
OK siman_213\turei-zahav\part-001.txt seif 1 marker _
OK siman_213\yad-avraham\part-001.txt seif 1 marker _
OK siman_214\baer-heitev\part-001.txt seif 2 marker ב
OK siman_214\beer-hagolah\part-001.txt seif 1 marker א
OK siman_214\beer-hagolah\part-001.txt seif 1 marker ב
OK siman_214\beur-hagra\part-001.txt seif 1 marker א
OK siman_214\pitchei-teshuva\part-001.txt seif 2 marker _
OK siman_214\siftei-kohen\part-001.txt seif 1 marker ג
OK siman_214\siftei-kohen\part-001.txt seif 2 marker ג
OK siman_215\baer-heitev\part-001.txt seif 1 marker א
OK siman_215\baer-heitev\part-001.txt seif 1 marker ב
OK siman_215\baer-heitev\part-001.txt seif 3 marker _
OK siman_215\baer-heitev\part-001.txt seif 4 marker ב
OK siman_215\baer-heitev\part-001.txt seif 6 marker ב
OK siman_215\beer-hagolah\part-001.txt seif 1 marker _
OK siman_215\beer-hagolah\part-001.txt seif 2 marker _
