Retranslate simanim 201-300 codes=[hebrew_in_english,untranslated_copy] dry=false
OK siman_209\siftei-kohen\part-001.txt seif 1 marker א
OK siman_217\siftei-kohen\part-001.txt seif 48 marker ב
OK siman_234\turei-zahav\part-001.txt seif 12 marker _
OK siman_300\beur-hagra\part-001.txt seif 1 marker ג
Loaded 514 glossary entries from C:\Users\binya\Documents\Shulchan aruch\full_dictionary (1).md 
Scan root: C:\Users\binya\Documents\Shulchan aruch\newtry\YD_001\output\siman_209
Scanned 8 .txt file(s).
Updated 0 file(s)
Loaded 514 glossary entries from C:\Users\binya\Documents\Shulchan aruch\full_dictionary (1).md 
Scan root: C:\Users\binya\Documents\Shulchan aruch\newtry\YD_001\output\siman_217
Scanned 10 .txt file(s).
Updated 0 file(s)
Loaded 514 glossary entries from C:\Users\binya\Documents\Shulchan aruch\full_dictionary (1).md 
Scan root: C:\Users\binya\Documents\Shulchan aruch\newtry\YD_001\output\siman_234
Scanned 13 .txt file(s).
Updated 0 file(s)
Loaded 514 glossary entries from C:\Users\binya\Documents\Shulchan aruch\full_dictionary (1).md 
Scan root: C:\Users\binya\Documents\Shulchan aruch\newtry\YD_001\output\siman_300
Scanned 9 .txt file(s).
Updated 0 file(s)
[DONE] retranslated 4 blocks in simanim 209, 217, 234, 300
